// Jest Snapshot v1, https://goo.gl/fbAQLP

exports[`Toast should match its default snapshot 1`] = `
<div
  aria-live="polite"
  class="w-full max-w-sm bg-white rounded shadow-lg pointer-events-auto dark:bg-gray-700"
  data-id="sds-toast"
  role="alert"
>
  <div
    class="overflow-hidden rounded ring-1 ring-black ring-opacity-5"
  >
    <div
      class="p-4"
    >
      <div
        class="flex toasts-start"
      >
        <div
          class="flex-shrink-0"
        >
          <svg
            class="w-6 h-6  text-green-400 dark:text-green-300"
            fill="none"
            stroke="currentColor"
            viewBox="0 0 24 24"
            xmlns="http://www.w3.org/2000/svg"
          >
            <path
              d="M9 12l2 2 4-4m6 2a9 9 0 11-18 0 9 9 0 0118 0z"
              stroke-linecap="round"
              stroke-linejoin="round"
              stroke-width="2"
            />
             
            <!---->
             
            <!---->
             
            <!---->
          </svg>
        </div>
         
        <div
          class="ml-3 w-0 flex-1 pt-0.5"
        >
          <p
            class="text-sm font-medium leading-5 text-gray-900 dark:text-gray-100"
          >
            
            Title
          
          </p>
           
          <p
            class="mt-1 text-sm leading-5 text-gray-500 dark:text-gray-300"
          >
            
            Lorem ipsum...
          
          </p>
        </div>
         
        <div
          class="flex flex-shrink-0 ml-4"
        >
          <button
            class="inline-flex text-gray-400 transition duration-150 ease-in-out focus:outline-none focus:text-gray-600 hover:text-gray-600 dark:focus:text-gray-100 dark:hover:text-gray-100"
          >
            <svg
              class="w-5 h-5"
              fill="currentColor"
              viewBox="0 0 20 20"
              xmlns="http://www.w3.org/2000/svg"
            >
              <path
                clip-rule="evenodd"
                d="M4.293 4.293a1 1 0 011.414 0L10 8.586l4.293-4.293a1 1 0 111.414 1.414L11.414 10l4.293 4.293a1 1 0 01-1.414 1.414L10 11.414l-4.293 4.293a1 1 0 01-1.414-1.414L8.586 10 4.293 5.707a1 1 0 010-1.414z"
                fill-rule="evenodd"
              />
            </svg>
          </button>
        </div>
      </div>
    </div>
  </div>
</div>
`;
