// Jest Snapshot v1, https://goo.gl/fbAQLP

exports[`LayoutSeiExternalHeaderContent should match its default snapshot 1`] = `
<div
  class="space-y-4"
  data-id="sds-layout-sei-external-header-content"
>
  <!---->
   
  <!---->
   
  <!---->
</div>
`;
