// Jest Snapshot v1, https://goo.gl/fbAQLP

exports[`Toaster should match its default snapshot 1`] = `<!---->`;
