// Jest Snapshot v1, https://goo.gl/fbAQLP

exports[`DropdownItem should match its default snapshot 1`] = `
<a
  class="block w-full select-none px-4 py-2 text-sm leading-5 text-left hover:no-underline hover:bg-blue-500 dark:hover:bg-blue-600 hover:text-white focus:outline-none focus:bg-blue-500 dark:focus:bg-blue-600 focus:text-white text-gray-700 dark:text-gray-100"
  data-id="sds-dropdown-item"
  role="menuitem"
/>
`;
