// Jest Snapshot v1, https://goo.gl/fbAQLP

exports[`RadioGroup should match its default snapshot 1`] = `
<div
  class="focus:outline-none"
  data-id="sds-radio-group"
  id=""
  role="radiogroup"
  tabindex="-1"
/>
`;
