// Jest Snapshot v1, https://goo.gl/fbAQLP

exports[`SearchBox should match its default snapshot 1`] = `
<div
  class="input-group"
  data-id="sds-search-box"
>
  <div
    class="relative w-full input-group"
  >
    <input
      autocapitalize="off"
      autocomplete="off"
      autocorrect="off"
      class="pr-8 rounded-r-none form-control"
      maxlength="524288"
      placeholder=""
      spellcheck="false"
      type="text"
    />
     
    <!---->
  </div>
   
  <button
    class="px-3 btn btn-default text-secondary dark:text-gray-300"
    type="button"
  >
    <span
      class="sr-only"
    >
      Search
    </span>
     
    <svg
      class="w-5 h-5 search"
      fill="currentColor"
      viewBox="0 0 20 20"
    >
      <path
        clip-rule="evenodd"
        d="M8 4a4 4 0 100 8 4 4 0 000-8zM2 8a6 6 0 1110.89 3.476l4.817 4.817a1 1 0 01-1.414 1.414l-4.816-4.816A6 6 0 012 8z"
        fill-rule="evenodd"
      />
    </svg>
  </button>
</div>
`;
