// Jest Snapshot v1, https://goo.gl/fbAQLP

exports[`Scrollspy should match its default snapshot 1`] = `<nav />`;
