// Jest Snapshot v1, https://goo.gl/fbAQLP

exports[`LayoutApp should match its default snapshot 1`] = `
<div
  class="flex flex-col h-screen dark:text-gray-50"
  data-id="sds-layout-app"
>
  <div
    class="bg-gray-900 dark:bg-gray-800 text-white px-4 py-2 flex flex-shrink-0"
  >
    <div
      class="my-auto"
    >
      <!---->
       
      <!---->
    </div>
     
    <div
      class="ml-auto my-auto flex gap-2 flex-shrink-0"
    />
  </div>
   
  <div
    class="flex flex-grow flex-shrink-0"
  >
    <transition-stub
      enteractiveclass="transition-opacity ease-linear duration-150"
      enterclass="opacity-0"
      entertoclass="opacity-100"
      leaveactiveclass="transition-opacity ease-linear duration-150"
      leaveclass="opacity-100"
      leavetoclass="opacity-0"
    >
      <!---->
    </transition-stub>
     
    <transition-stub
      enteractiveclass="transition-transform ease-linear duration-150"
      enterclass="-translate-x-full"
      entertoclass="translate-x-0"
      leaveactiveclass="transition-transform ease-linear duration-150"
      leaveclass="translate-x-0"
      leavetoclass="-translate-x-full"
    >
      <!---->
    </transition-stub>
     
    <aside
      class="hidden md:block bg-gray-900 dark:bg-gray-800 text-white flex-shrink-0 z-50 w-72"
    >
      <div
        class="h-screen flex flex-col sticky top-0"
      >
        <div
          class="overflow-y-auto flex-grow overscroll-contain"
        >
          <!---->
           
          <!---->
        </div>
         
        <!---->
      </div>
    </aside>
     
    <section
      class="flex flex-col items-stretch flex-grow min-w-0"
    >
      <main
        class="flex-grow pb-4 bg-gray-100 dark:bg-gray-900"
      >
        <div
          class="bg-white dark:bg-gray-700 shadow px-4 py-3 sticky top-0 z-40 flex flex-col gap-4 md:flex-row"
        >
          <div
            class="flex-grow my-auto flex flex-row gap-2"
          >
            <p
              class="text-2xl font-semibold text-gray-700 dark:text-gray-100"
            >
              
                
              
            </p>
          </div>
           
          <!---->
        </div>
         
        <div
          class="p-4"
        >
          Button
        </div>
      </main>
        
      <footer
        class="bg-gray-900 dark:bg-gray-800 text-xs text-light px-4 pt-4 pb-16 flex flex-col lg:flex-row gap-4"
      >
        <div
          class="flex-shrink-0 flex order-2 lg:order-1"
        >
          <sds-link-stub
            class="my-auto"
            external="true"
            href="https://sei.cmu.edu"
            title="Software Engineering Institute"
            variant=""
          >
            <img
              alt="Software Engineering Institute"
              class="h-10"
              src=""
            />
          </sds-link-stub>
        </div>
         
        <!---->
         
        <div
          class="flex-shrink-0 flex lg:ml-auto order-3"
        >
          <div
            class="my-auto"
          >
            <p>
              Â© 2022 Carnegie Mellon University
            </p>
          </div>
        </div>
      </footer>
       
      <!---->
    </section>
  </div>
</div>
`;
