// Jest Snapshot v1, https://goo.gl/fbAQLP

exports[`LayoutSeiExternalNav should match its default snapshot 1`] = `
<div
  class="space-y-4"
  data-id="sds-layout-sei-external-nav"
/>
`;
