// Jest Snapshot v1, https://goo.gl/fbAQLP

exports[`Select should match its default snapshot 1`] = `
<select
  class="form-control"
  data-id="sds-select"
>
  <option
    disabled="disabled"
    value=""
  />
   
</select>
`;
