// Jest Snapshot v1, https://goo.gl/fbAQLP

exports[`File Uploader should match its default snapshot 1`] = `
<div
  class="border border-dashed border-2 dark:border-gray-700 rounded p-4 space-y-2 relative"
  data-id="sds-file-uploader"
>
  <input
    class="absolute inset-0 opacity-0 cursor-pointer"
    id="random-id"
    name="sdsFileUploader"
    type="file"
  />
   
  <div
    class="space-y-2"
  >
    <div
      class="flex gap-2"
    >
      <label
        class="btn btn-default cursor-pointer z-10"
        for="random-id"
      >
        Browse
      </label>
       
      <svg
        aria-hidden="true"
        class="my-auto h-4 w-4 text-tertiary"
        height="32"
        preserveAspectRatio="xMidYMid meet"
        role="img"
        viewBox="0 0 512 512"
        width="32"
        xmlns="http://www.w3.org/2000/svg"
        xmlns:xlink="http://www.w3.org/1999/xlink"
      >
        <path
          d="M105.4 182.6c12.5 12.49 32.76 12.5 45.25.001L224 109.3V352c0 17.67 14.33 32 32 32s32-14.33 32-32V109.3l73.38 73.38c12.49 12.49 32.75 12.49 45.25-.001c12.49-12.49 12.49-32.75 0-45.25l-128-128C272.4 3.125 264.2 0 256 0s-16.4 3.125-22.6 9.375L105.4 137.4c-12.52 12.5-12.52 32.7 0 45.2zM480 352H320c0 35.35-28.65 64-64 64s-64-28.65-64-64H32c-17.67 0-32 14.33-32 32v96c0 17.67 14.33 32 32 32h448c17.67 0 32-14.33 32-32v-96c0-17.7-14.3-32-32-32zm-48 104c-13.2 0-24-10.8-24-24s10.8-24 24-24s24 10.8 24 24s-10.8 24-24 24z"
          fill="currentColor"
        />
      </svg>
       
      <span
        class="my-auto"
      >
        Drag and drop a file here
      </span>
    </div>
     
    <p
      class="text-gray-500 text-sm"
    >
      
      Use a file under 10 MB.
    
    </p>
     
    <!---->
  </div>
</div>
`;
