// Jest Snapshot v1, https://goo.gl/fbAQLP

exports[`Link should match its default snapshot 1`] = `
<a
  class=""
  data-id="sds-link"
/>
`;
